<?xml version="1.0" encoding="UTF-8"?>
<testsuites>
  <testsuite name="C:\wamp64\www\invoice\phpunit.xml.dist" tests="37" assertions="48" errors="0" failures="0" skipped="0" time="0.897170">
    <testsuite name="PHPUnit" tests="37" assertions="48" errors="0" failures="0" skipped="0" time="0.897170">
      <testsuite name="Tests\PHPUnit\BacsPaymentServiceTest" file="C:\wamp64\www\invoice\Tests\PHPUnit\BacsPaymentServiceTest.php" tests="23" assertions="29" errors="0" failures="0" skipped="0" time="0.825557">
        <testcase name="testGenerateReferenceContainsCurrentYearMonth" file="C:\wamp64\www\invoice\Tests\PHPUnit\BacsPaymentServiceTest.php" line="142" class="Tests\PHPUnit\BacsPaymentServiceTest" classname="Tests.PHPUnit.BacsPaymentServiceTest" assertions="1" time="0.524726"/>
        <testcase name="testGenerateReferenceMaxLength" file="C:\wamp64\www\invoice\Tests\PHPUnit\BacsPaymentServiceTest.php" line="148" class="Tests\PHPUnit\BacsPaymentServiceTest" classname="Tests.PHPUnit.BacsPaymentServiceTest" assertions="2" time="0.007153"/>
        <testcase name="testIsBacsConfiguredReturnsFalseWhenNoActiveRecord" file="C:\wamp64\www\invoice\Tests\PHPUnit\BacsPaymentServiceTest.php" line="66" class="Tests\PHPUnit\BacsPaymentServiceTest" classname="Tests.PHPUnit.BacsPaymentServiceTest" assertions="1" time="0.009004"/>
        <testcase name="testGetSortCodeReturnsEmptyWhenNoActiveRecord" file="C:\wamp64\www\invoice\Tests\PHPUnit\BacsPaymentServiceTest.php" line="92" class="Tests\PHPUnit\BacsPaymentServiceTest" classname="Tests.PHPUnit.BacsPaymentServiceTest" assertions="1" time="0.007733"/>
        <testcase name="testGetAccountNumberReturnsEmptyWhenNoActiveRecord" file="C:\wamp64\www\invoice\Tests\PHPUnit\BacsPaymentServiceTest.php" line="104" class="Tests\PHPUnit\BacsPaymentServiceTest" classname="Tests.PHPUnit.BacsPaymentServiceTest" assertions="1" time="0.008311"/>
        <testcase name="testIsBacsConfiguredReturnsFalseWhenSortCodeEmpty" file="C:\wamp64\www\invoice\Tests\PHPUnit\BacsPaymentServiceTest.php" line="71" class="Tests\PHPUnit\BacsPaymentServiceTest" classname="Tests.PHPUnit.BacsPaymentServiceTest" assertions="1" time="0.023429"/>
        <testcase name="testIsBacsConfiguredReturnsFalseWhenAccountNumberEmpty" file="C:\wamp64\www\invoice\Tests\PHPUnit\BacsPaymentServiceTest.php" line="78" class="Tests\PHPUnit\BacsPaymentServiceTest" classname="Tests.PHPUnit.BacsPaymentServiceTest" assertions="1" time="0.009420"/>
        <testcase name="testIsBacsConfiguredReturnsTrueWhenBothSet" file="C:\wamp64\www\invoice\Tests\PHPUnit\BacsPaymentServiceTest.php" line="85" class="Tests\PHPUnit\BacsPaymentServiceTest" classname="Tests.PHPUnit.BacsPaymentServiceTest" assertions="1" time="0.009125"/>
        <testcase name="testGetAccountNumberReturnsValue" file="C:\wamp64\www\invoice\Tests\PHPUnit\BacsPaymentServiceTest.php" line="109" class="Tests\PHPUnit\BacsPaymentServiceTest" classname="Tests.PHPUnit.BacsPaymentServiceTest" assertions="1" time="0.009156"/>
        <testcase name="testGetBeneficiaryNameReturnsEmptyWhenNoActiveRecord" file="C:\wamp64\www\invoice\Tests\PHPUnit\BacsPaymentServiceTest.php" line="116" class="Tests\PHPUnit\BacsPaymentServiceTest" classname="Tests.PHPUnit.BacsPaymentServiceTest" assertions="1" time="0.008891"/>
        <testcase name="testGetBeneficiaryNameReturnsCompanyName" file="C:\wamp64\www\invoice\Tests\PHPUnit\BacsPaymentServiceTest.php" line="121" class="Tests\PHPUnit\BacsPaymentServiceTest" classname="Tests.PHPUnit.BacsPaymentServiceTest" assertions="1" time="0.008837"/>
        <testcase name="testBuildQrContentContainsAllFields" file="C:\wamp64\www\invoice\Tests\PHPUnit\BacsPaymentServiceTest.php" line="156" class="Tests\PHPUnit\BacsPaymentServiceTest" classname="Tests.PHPUnit.BacsPaymentServiceTest" assertions="5" time="0.011374"/>
        <testcase name="testBuildQrContentOmitsAmountLineWhenZero" file="C:\wamp64\www\invoice\Tests\PHPUnit\BacsPaymentServiceTest.php" line="168" class="Tests\PHPUnit\BacsPaymentServiceTest" classname="Tests.PHPUnit.BacsPaymentServiceTest" assertions="1" time="0.010642"/>
        <testcase name="testBuildQrContentUsesGbpByDefault" file="C:\wamp64\www\invoice\Tests\PHPUnit\BacsPaymentServiceTest.php" line="174" class="Tests\PHPUnit\BacsPaymentServiceTest" classname="Tests.PHPUnit.BacsPaymentServiceTest" assertions="1" time="0.009952"/>
        <testcase name="testSortCodeAlreadyFormattedPassedThrough" file="C:\wamp64\www\invoice\Tests\PHPUnit\BacsPaymentServiceTest.php" line="196" class="Tests\PHPUnit\BacsPaymentServiceTest" classname="Tests.PHPUnit.BacsPaymentServiceTest" assertions="1" time="0.010104"/>
        <testcase name="testSortCodeWithNonSixDigitsPassedThroughRaw" file="C:\wamp64\www\invoice\Tests\PHPUnit\BacsPaymentServiceTest.php" line="202" class="Tests\PHPUnit\BacsPaymentServiceTest" classname="Tests.PHPUnit.BacsPaymentServiceTest" assertions="1" time="0.010163"/>
        <testcase name="testGetBeneficiaryNameReturnsEmptyWhenCompanyIsNull" file="C:\wamp64\www\invoice\Tests\PHPUnit\BacsPaymentServiceTest.php" line="126" class="Tests\PHPUnit\BacsPaymentServiceTest" classname="Tests.PHPUnit.BacsPaymentServiceTest" assertions="1" time="0.007992"/>
        <testcase name="testBuildQrContentRespectsCurrencyOverride" file="C:\wamp64\www\invoice\Tests\PHPUnit\BacsPaymentServiceTest.php" line="180" class="Tests\PHPUnit\BacsPaymentServiceTest" classname="Tests.PHPUnit.BacsPaymentServiceTest" assertions="2" time="0.010363"/>
        <testcase name="testSortCodeFormattedWithDashesFrom6Digits" file="C:\wamp64\www\invoice\Tests\PHPUnit\BacsPaymentServiceTest.php" line="190" class="Tests\PHPUnit\BacsPaymentServiceTest" classname="Tests.PHPUnit.BacsPaymentServiceTest" assertions="1" time="0.009966"/>
        <testcase name="testGetSortCodeReturnsValue" file="C:\wamp64\www\invoice\Tests\PHPUnit\BacsPaymentServiceTest.php" line="97" class="Tests\PHPUnit\BacsPaymentServiceTest" classname="Tests.PHPUnit.BacsPaymentServiceTest" assertions="1" time="0.009893"/>
        <testcase name="testRenderQrDataUriReturnsNonEmptyString" file="C:\wamp64\www\invoice\Tests\PHPUnit\BacsPaymentServiceTest.php" line="210" class="Tests\PHPUnit\BacsPaymentServiceTest" classname="Tests.PHPUnit.BacsPaymentServiceTest" assertions="1" time="0.062582"/>
        <testcase name="testRenderQrDataUriReturnsSvgOrDataUri" file="C:\wamp64\www\invoice\Tests\PHPUnit\BacsPaymentServiceTest.php" line="215" class="Tests\PHPUnit\BacsPaymentServiceTest" classname="Tests.PHPUnit.BacsPaymentServiceTest" assertions="1" time="0.040095"/>
        <testcase name="testGenerateReferenceMatchesExpectedFormat" file="C:\wamp64\www\invoice\Tests\PHPUnit\BacsPaymentServiceTest.php" line="136" class="Tests\PHPUnit\BacsPaymentServiceTest" classname="Tests.PHPUnit.BacsPaymentServiceTest" assertions="1" time="0.006646"/>
      </testsuite>
      <testsuite name="Tests\PHPUnit\PciAssetTest" file="C:\wamp64\www\invoice\Tests\PHPUnit\PciAssetTest.php" tests="9" assertions="10" errors="0" failures="0" skipped="0" time="0.047440">
        <testcase name="testStripeAssetLoadsInHead" file="C:\wamp64\www\invoice\Tests\PHPUnit\PciAssetTest.php" line="17" class="Tests\PHPUnit\PciAssetTest" classname="Tests.PHPUnit.PciAssetTest" assertions="1" time="0.012422"/>
        <testcase name="testBraintreeAssetLoadsInHead" file="C:\wamp64\www\invoice\Tests\PHPUnit\PciAssetTest.php" line="23" class="Tests\PHPUnit\PciAssetTest" classname="Tests.PHPUnit.PciAssetTest" assertions="1" time="0.004986"/>
        <testcase name="testAmazonPayAssetLoadsInHead" file="C:\wamp64\www\invoice\Tests\PHPUnit\PciAssetTest.php" line="29" class="Tests\PHPUnit\PciAssetTest" classname="Tests.PHPUnit.PciAssetTest" assertions="1" time="0.004854"/>
        <testcase name="testStripeJsUrlUsesHttps" file="C:\wamp64\www\invoice\Tests\PHPUnit\PciAssetTest.php" line="37" class="Tests\PHPUnit\PciAssetTest" classname="Tests.PHPUnit.PciAssetTest" assertions="1" time="0.004203"/>
        <testcase name="testBraintreeJsUrlUsesHttps" file="C:\wamp64\www\invoice\Tests\PHPUnit\PciAssetTest.php" line="47" class="Tests\PHPUnit\PciAssetTest" classname="Tests.PHPUnit.PciAssetTest" assertions="1" time="0.003988"/>
        <testcase name="testBraintreeCssUrlUsesHttps" file="C:\wamp64\www\invoice\Tests\PHPUnit\PciAssetTest.php" line="57" class="Tests\PHPUnit\PciAssetTest" classname="Tests.PHPUnit.PciAssetTest" assertions="1" time="0.004330"/>
        <testcase name="testAmazonPayJsUrlUsesHttps" file="C:\wamp64\www\invoice\Tests\PHPUnit\PciAssetTest.php" line="67" class="Tests\PHPUnit\PciAssetTest" classname="Tests.PHPUnit.PciAssetTest" assertions="1" time="0.003845"/>
        <testcase name="testNoProtocolRelativeUrlsInStripeAsset" file="C:\wamp64\www\invoice\Tests\PHPUnit\PciAssetTest.php" line="79" class="Tests\PHPUnit\PciAssetTest" classname="Tests.PHPUnit.PciAssetTest" assertions="1" time="0.004623"/>
        <testcase name="testNoProtocolRelativeUrlsInBraintreeAsset" file="C:\wamp64\www\invoice\Tests\PHPUnit\PciAssetTest.php" line="89" class="Tests\PHPUnit\PciAssetTest" classname="Tests.PHPUnit.PciAssetTest" assertions="2" time="0.004189"/>
      </testsuite>
      <testsuite name="Tests\PHPUnit\ProductRepositoryTest" file="C:\wamp64\www\invoice\Tests\PHPUnit\ProductRepositoryTest.php" tests="2" assertions="1" errors="0" failures="0" skipped="0" time="0.010383">
        <testcase name="testProductRepositoryExists" file="C:\wamp64\www\invoice\Tests\PHPUnit\ProductRepositoryTest.php" line="12" class="Tests\PHPUnit\ProductRepositoryTest" classname="Tests.PHPUnit.ProductRepositoryTest" assertions="1" time="0.006304"/>
        <testcase name="testProductRepositoryCanBeInstantiated" file="C:\wamp64\www\invoice\Tests\PHPUnit\ProductRepositoryTest.php" line="17" class="Tests\PHPUnit\ProductRepositoryTest" classname="Tests.PHPUnit.ProductRepositoryTest" assertions="0" time="0.004079"/>
      </testsuite>
      <testsuite name="Tests\PHPUnit\SampleTest" file="C:\wamp64\www\invoice\Tests\PHPUnit\SampleTest.php" tests="3" assertions="8" errors="0" failures="0" skipped="0" time="0.013790">
        <testcase name="testBasicAssertion" file="C:\wamp64\www\invoice\Tests\PHPUnit\SampleTest.php" line="11" class="Tests\PHPUnit\SampleTest" classname="Tests.PHPUnit.SampleTest" assertions="3" time="0.004430"/>
        <testcase name="testPhpVersion" file="C:\wamp64\www\invoice\Tests\PHPUnit\SampleTest.php" line="18" class="Tests\PHPUnit\SampleTest" classname="Tests.PHPUnit.SampleTest" assertions="2" time="0.004673"/>
        <testcase name="testArrayOperations" file="C:\wamp64\www\invoice\Tests\PHPUnit\SampleTest.php" line="23" class="Tests\PHPUnit\SampleTest" classname="Tests.PHPUnit.SampleTest" assertions="3" time="0.004687"/>
      </testsuite>
    </testsuite>
  </testsuite>
</testsuites>
